123
this(is, a, [116, 101, 114, 109])
[_14, _15, _14]
