% including ./lists.pl
--- tests/0050-select.expected	2014-12-23 23:34:02.375747338 +0100
+++ tmp/0050-select.out	2014-12-23 23:34:02.627747329 +0100
@@ -1 +1,6 @@
-% including ./lists.pl
+_9
+_9
+_9
+1 [2, 3]
+2 [1, 3]
+3 [1, 2]
output differs from expected output
