123
[]
abc def
[1,2]
[1,2|3]
foo(_308,_309) :- bar,!,baz(_308)
(1+2)/3
1- -2
123
[]
'abc def'
[1,2]
[1,2|3]
foo(_308,_309) :- bar,!,baz(_308)
(1+2)/3
1- -2
