abc
once:
another(_117, _118, _117, _118)
another
some(term)
[list, 1]
twice:
another(_147, _148, _147, _148)
another
[list, 1]
1
2
3
4
5
6
7
8
9
10
