solve(_1949,_2035,_2579) :- in_form(_1949,_2579,_2412,_2443),in_form(_2035,_2579,_2480,_2511),reverse(_2579,_2216),add_parallel(_2412,_2480,0,_2216,[1,2,3,4,5,6,7,8,9,0]),out_form(_2412,_2548,_2443),out_form(_2480,_2564,_2511),report(_2548,_2564,_2579)
add_parallel([_4651],[_4667],_4682,[_4697],_4726) :- add(_4651,_4667,_4682,_4697,0,_4726,_4741)
add_parallel([_6729|_6869],[_6745|_6885],_6760,[_6775|_6915],_6805) :- add(_6729,_6745,_6760,_6775,_6900,_6805,_6930),add_parallel(_6869,_6885,_6900,_6915,_6930)
add(_9292,_10390,_11049,_12222,_12308,_9308,_12268) :- digit(_9292,_9308,_9376),digit(_10390,_9376,_12253),_12324 is _9292+_10390+_11049,_12238 is _12324 rem 10,check(_12222,_12238,_12253,_12268),calc_carry(_12308,_12324)
check(_15940,_15128,_15158,_15158) :- integer(_15940),_15128 is _15940
check(_17989,_18410,_18037,_18052) :- var(_17989),select(_18410,_18037,_18052),_17989 is _18410
calc_carry(1,_19866) :- _19866 >= 10
calc_carry(0,_22077) :- _22077 < 10
digit(_24656,_24230,_24230) :- integer(_24656)
digit(_26442,_26458,_26473) :- var(_26442),select(_26442,_26458,_26473)
in_form(_28366,_28382,_28468,_28412) :- pad(_28366,_28382,_28452,_28412),reverse(_28452,_28468)
pad(_31596,_30517,_31612,_31627) :- length(_31596,_31541),length(_30517,_30533),_31627 is _30533-_31541,extend(_31596,_31612,_31627,0)
extend(_33713,_33713,0,_33742) :- !
extend(_36057,_37153,_35584,_37183) :- append([_37183],_36057,_37137),_37168 is _35584-1,extend(_37137,_37153,_37168,_37183)
out_form(_39116,_39267,_39282) :- reverse(_39116,_39182),extend(_39251,_39182,_39282,0),extend(_39251,_39267,_39282, )
report(_41653,_41685,_41874) :- printlst(_41653),printlst(_41685),length(_41874,_41840),printchr(-,_41840),printlst(_41874),nl
printlst(_46618) :- nl,tab(10),putlt(_46618)
printchr(_49955,_49971) :- nl,tab(10),putch(_49955,_49971)
putlt([])
putlt([_53502|_53534]) :- display(_53502),putlt(_53534)
putch(_55828,0) :- !
putch(_59345,_57862) :- display(_59345),_59361 is _57862-1,putch(_59345,_59361)
main :- main1,main2,main3
main1 :- solve([_65760,_66014,_65866,_65911,_65911],[_66014,_65866,_65954,_65938,_65911],[_65938,_65954,_65969,_65984,_65999,_66014])
main2 :- solve([_67758,_67952,_67937,_67804],[_67906,_67922,_67864,_67952],[_67906,_67922,_67937,_67952,_67967])
main3 :- solve([_70077,_70120,_69927,_70047,_70062,_70077],[_70001,_70150,_70165,_70047,_70062,_70077],[_70165,_70120,_70135,_70150,_70165,_70180])
end_of_file
