whq(_231,s(np(3+plu,np_head(int_det(_231),[],river),[]),verb(be,active,pres+fin,[],pos),[void],[]))
q(s(np(3+sin,name(afghanistan),[]),verb(border,active,pres+fin,[],pos),[arg(dir,np(3+sin,name(china),[]))],[]))
whq(_13699,s(np(3+sin,wh(_13699),[]),verb(be,active,pres+fin,[],pos),[arg(dir,np(3+sin,name(capital),[]))],[pp(prep(of),np(3+sin,name(upper_volta),[]))]))
whq(_23332,s(np(3+sin,name(largest),[]),verb(be,active,pres+fin,[],pos),[arg(dir,np(3+sin,name(country),[]))],[pp(prep(in),np(_23334,np_head(int_det(_23332),[],place),[]))]))
whq(_33065,s(np(3+sin,name(capital),[pp(poss,np(3+sin,np_head(int_det(_33065),[],country),[]))]),verb(be,active,pres+fin,[],pos),[arg(dir,np(3+sin,name(london),[]))],[]))
whq(_42812,s(np(3+plu,np_head(int_det(_42812),[],country),[]),verb(be,active,pres+fin,[],pos),[arg(predicate,adj(european))],[]))
whq(_48802,s(np(3+sin,np_head(det(the(sin)),[sup(most,adj(small)),adj(american)],country),[]),verb(be,active,pres+fin,[],pos),[arg(predicate,value(adj(large),wh(_48802)))],[]))
whq(_73635,s(np(3+sin,wh(_73635),[]),verb(be,active,pres+fin,[],pos),[arg(dir,np(3+sin,np_head(det(the(sin)),[],ocean),[conj(and,rel(_81436,s(np(3+sin,wh(_81436),[]),verb(border,active,pres+fin,[],pos),[arg(dir,np(3+plu,np_head(generic,[adj(african)],country),[]))],[])),rel(_82734,s(np(3+sin,wh(_82734),[]),verb(border,active,pres+fin,[],pos),[arg(dir,np(3+plu,np_head(generic,[adj(asian)],country),[]))],[])))]))],[]))
whq(_100716,s(np(3+plu,wh(_100716),[]),verb(be,active,pres+fin,[],pos),[arg(dir,np(3+sin,name(capitals),[]))],[pp(prep(of),np(3+plu,np_head(det(the(plu)),[],country),[reduced_rel(_101644,s(np(3+plu,wh(_101644),[]),verb(border,active,inf,[prog],pos),[arg(dir,np(3+sin,name(baltic),[]))],[]))]))]))
whq(_116625,s(np(3+plu,np_head(int_det(_116625),[],country),[]),verb(border,passive,pres+fin,[],pos),[],[pp(prep(by),np(3+plu,np_head(quant(same,nb(2)),[],sea),[]))]))
whq(_133323,s(np(3+sin,name(the),[]),verb(do,active,pres+fin,[],pos),[arg(ind,np(3+sin,name(danube),[])),arg(dir,np(3+sin,name(flow),[]))],[pp(prep(through),np(3+plu,np_head(quant(same,wh(_133323)),[],country),[]))]))
whq(_183075,s(np(3+sin,wh(_183075),[]),verb(be,active,pres+fin,[],pos),[arg(dir,np(3+sin,np_head(det(the(sin)),[adj(total)],area),[pp(prep(of),np(3+sin,name(countries),[])),conj(and,reduced_rel(_183902,s(np(3+sin,wh(_183902),[]),verb(be,active,pres+fin,[],pos),[arg(predicate,pp(prep(southof),np(3+sin,name(equator),[])))],[])),reduced_rel(_186234,s(np(3+sin,wh(_186234),[]),verb(be,active,pres+fin,[],neg),[arg(predicate,pp(prep(in),np(3+sin,name(australasia),[])))],[])))]))],[]))
whq(_243912,s(np(3+sin,wh(_243912),[]),verb(be,active,pres+fin,[],pos),[arg(dir,np(3+sin,np_head(det(the(sin)),[adj(average)],area),[pp(prep(of),np(3+sin,name(countries),[])),pp(prep(in),np(3+sin,np_head(det(each),[],continent),[]))]))],[]))
q(s(there,verb(be,active,pres+fin,[],pos),[arg(dir,np(3+sin,np_head(quant(more,nb(1)),[],country),[pp(prep(in),np(3+sin,np_head(det(each),[],continent),[]))]))],[]))
q(s(there,verb(be,active,pres+fin,[],pos),[arg(dir,np(3+sin,np_head(det(some),[],ocean),[rel(_292235,s(np(3+sin,wh(_292235),[]),verb(border,active,pres+fin,[],neg),[arg(dir,np(3+sin,np_head(det(any),[],country),[]))],[]))]))],[]))
whq(_303257,s(np(3+plu,wh(_303257),[]),verb(be,active,pres+fin,[],pos),[arg(dir,np(3+plu,np_head(det(the(plu)),[],country),[rel(_307697,s(np(3+sin,np_head(det(a),[],river),[]),verb(flow,active,pres+fin,[],pos),[],[pp(prep(from),np(3+plu,wh(_307697),[])),pp(prep(into),np(3+sin,name(black_sea),[]))]))]))],[]))
