[4/[dog,cat,horse],6/[ant,bee],8/[tarantula]]
[[_2833,_2834]/_2834,[_2845]/1]
