[4/[cat,dog,horse],6/[ant,bee],8/[tarantula]]
[[4-[dog,cat,horse],6-[ant,bee],8-[tarantula]]]
[[2]]
[[_5258,_5259]]
[[_5616,_5617,f(_5616),f(_5617)]]
