[0,hello,5,0]
[0,hell,4,1]
[0,hel,3,2]
[0,he,2,3]
[0,h,1,4]
[0,'',0,5]
[1,ello,4,0]
[1,ell,3,1]
[1,el,2,2]
[1,e,1,3]
[1,'',0,4]
[2,llo,3,0]
[2,ll,2,1]
[2,l,1,2]
[2,'',0,3]
[3,lo,2,0]
[3,l,1,1]
[3,'',0,2]
[4,o,1,0]
[4,'',0,1]
[5,'',0,0]
