rule :- a,\+b,c -> d,e.

rule :- x -> y.

foo(_8803,_8883) :- bar(_8803,_8843),_8843 = [baz|_8883].

declare(abc/def).

add(abc,def).

